[pathivu.dreamstechnologies.com/html/template/index.html]
[backblue.gif]
[fade.gif]
[index.html]
[pathivu.dreamstechnologies.com/html/template/assets/img/favicon.png]
[pathivu.dreamstechnologies.com/html/template/assets/css/bootstrap.min.css]
[pathivu.dreamstechnologies.com/html/template/assets/plugins/fontawesome/css/fontawesome.min.css]
[pathivu.dreamstechnologies.com/html/template/assets/plugins/fontawesome/css/all.min.css]
[pathivu.dreamstechnologies.com/html/template/assets/css/style.css]
[pathivu.dreamstechnologies.com/html/template/assets/img/logo.png]
[pathivu.dreamstechnologies.com/html/template/index-two.html]
[pathivu.dreamstechnologies.com/html/template/index-three.html]
[pathivu.dreamstechnologies.com/html/template/index-four.html]
[pathivu.dreamstechnologies.com/html/template/index-five.html]
[pathivu.dreamstechnologies.com/html/template/index-six.html]
[pathivu.dreamstechnologies.com/html/template/index-seven.html]
[pathivu.dreamstechnologies.com/html/template/index-eight.html]
[pathivu.dreamstechnologies.com/html/template/index-nine.html]
[pathivu.dreamstechnologies.com/html/template/index-ten.html]
[pathivu.dreamstechnologies.com/html/template/index-eleven.html]
[pathivu.dreamstechnologies.com/html/template/index-twelve.html]
[pathivu.dreamstechnologies.com/html/template/index-thirteen.html]
[pathivu.dreamstechnologies.com/html/template/index-fourteen.html]
[pathivu.dreamstechnologies.com/html/template/instructor-dashboard.html]
[pathivu.dreamstechnologies.com/html/template/courses.html]
[pathivu.dreamstechnologies.com/html/template/appointments.html]
[pathivu.dreamstechnologies.com/html/template/schedule-timings.html]
[pathivu.dreamstechnologies.com/html/template/my-student.html]
[pathivu.dreamstechnologies.com/html/template/student-profile.html]
[pathivu.dreamstechnologies.com/html/template/chat-instructor.html]
[pathivu.dreamstechnologies.com/html/template/invoices.html]
[pathivu.dreamstechnologies.com/html/template/instructor-profile-settings.html]
[pathivu.dreamstechnologies.com/html/template/reviews.html]
[pathivu.dreamstechnologies.com/html/template/instructor-register.html]
[pathivu.dreamstechnologies.com/html/template/map-grid.html]
[pathivu.dreamstechnologies.com/html/template/map-list.html]
[pathivu.dreamstechnologies.com/html/template/search.html]
[pathivu.dreamstechnologies.com/html/template/instructor-profile.html]
[pathivu.dreamstechnologies.com/html/template/booking.html]
[pathivu.dreamstechnologies.com/html/template/checkout.html]
[pathivu.dreamstechnologies.com/html/template/booking-success.html]
[pathivu.dreamstechnologies.com/html/template/student-dashboard.html]
[pathivu.dreamstechnologies.com/html/template/favourites.html]
[pathivu.dreamstechnologies.com/html/template/chat.html]
[pathivu.dreamstechnologies.com/html/template/profile-settings.html]
[pathivu.dreamstechnologies.com/html/template/change-password.html]
[pathivu.dreamstechnologies.com/html/template/voice-call.html]
[pathivu.dreamstechnologies.com/html/template/video-call.html]
[pathivu.dreamstechnologies.com/html/template/calendar.html]
[pathivu.dreamstechnologies.com/html/template/components.html]
[pathivu.dreamstechnologies.com/html/template/invoice-view.html]
[pathivu.dreamstechnologies.com/html/template/blank-page.html]
[pathivu.dreamstechnologies.com/html/template/login.html]
[pathivu.dreamstechnologies.com/html/template/register.html]
[pathivu.dreamstechnologies.com/html/template/forgot-password.html]
[pathivu.dreamstechnologies.com/html/template/blog-list.html]
[pathivu.dreamstechnologies.com/html/template/blog-grid.html]
[pathivu.dreamstechnologies.com/html/template/blog-details.html]
[pathivu.dreamstechnologies.com/html/template/assets/img/en.png]
[pathivu.dreamstechnologies.com/html/template/assets/img/flags/us.png]
[pathivu.dreamstechnologies.com/html/template/assets/img/flags/fr.png]
[pathivu.dreamstechnologies.com/html/template/assets/img/flags/es.png]
[pathivu.dreamstechnologies.com/html/template/assets/img/flags/de.png]
[pathivu.dreamstechnologies.com/html/template/assets/img/course.png]
[pathivu.dreamstechnologies.com/html/template/assets/img/college/college-01.png]
[pathivu.dreamstechnologies.com/html/template/assets/img/college/college-02.png]
[pathivu.dreamstechnologies.com/html/template/college.html]
[pathivu.dreamstechnologies.com/html/template/course-details.html]
[pathivu.dreamstechnologies.com/html/template/assets/img/courses/course-01.jpg]
[pathivu.dreamstechnologies.com/html/template/assets/img/instructors/instructor-thumb-01.jpg]
[pathivu.dreamstechnologies.com/html/template/assets/img/courses/course-02.jpg]
[pathivu.dreamstechnologies.com/html/template/assets/img/courses/course-03.jpg]
[pathivu.dreamstechnologies.com/html/template/assets/img/courses/course-04.jpg]
[pathivu.dreamstechnologies.com/html/template/assets/img/courses/course-05.jpg]
[pathivu.dreamstechnologies.com/html/template/assets/img/courses/course-06.jpg]
[pathivu.dreamstechnologies.com/html/template/assets/img/courses/course-07.jpg]
[pathivu.dreamstechnologies.com/html/template/assets/img/courses/course-08.jpg]
[pathivu.dreamstechnologies.com/html/template/assets/img/icon/icon-01.png]
[pathivu.dreamstechnologies.com/html/template/assets/img/icon/icon-02.png]
[pathivu.dreamstechnologies.com/html/template/assets/img/instructors/instructor-thumb-02.jpg]
[pathivu.dreamstechnologies.com/html/template/assets/img/instructors/instructor-thumb-03.jpg]
[pathivu.dreamstechnologies.com/html/template/assets/img/instructors/instructor-thumb-04.jpg]
[pathivu.dreamstechnologies.com/html/template/assets/img/review/review-01.jpg]
[pathivu.dreamstechnologies.com/html/template/assets/img/news/news-01.jpg]
[pathivu.dreamstechnologies.com/html/template/assets/img/news/news-02.jpg]
[pathivu.dreamstechnologies.com/html/template/term-condition.html]
[pathivu.dreamstechnologies.com/html/template/privacy-policy.html]
[pathivu.dreamstechnologies.com/html/template/assets/js/jquery-3.7.1.min.js]
[pathivu.dreamstechnologies.com/html/template/assets/js/bootstrap.bundle.min.js]
[pathivu.dreamstechnologies.com/html/template/assets/js/slick.js]
[pathivu.dreamstechnologies.com/html/template/assets/js/script.js]
[pathivu.dreamstechnologies.com/html/template/index.html]
[pathivu.dreamstechnologies.com/html/template/assets/css/bootstrap.min.css]
[pathivu.dreamstechnologies.com/html/template/assets/plugins/fontawesome/css/fontawesome.min.css]
[pathivu.dreamstechnologies.com/cdn-cgi/scripts/7d0fa10a/cloudflare-static/rocket-loader.min.js]
[pathivu.dreamstechnologies.com/html/template/assets/plugins/fontawesome/webfonts/fa-brands-400.woff2]
[pathivu.dreamstechnologies.com/html/template/assets/plugins/fontawesome/webfonts/fa-brands-400.ttf]
[pathivu.dreamstechnologies.com/html/template/assets/plugins/fontawesome/webfonts/fa-regular-400.woff2]
[pathivu.dreamstechnologies.com/html/template/assets/plugins/fontawesome/webfonts/fa-regular-400.ttf]
[pathivu.dreamstechnologies.com/html/template/assets/plugins/fontawesome/webfonts/fa-solid-900.woff2]
[pathivu.dreamstechnologies.com/html/template/assets/plugins/fontawesome/webfonts/fa-solid-900.ttf]
[pathivu.dreamstechnologies.com/html/template/assets/plugins/fontawesome/webfonts/fa-v4compatibility.woff2]
[pathivu.dreamstechnologies.com/html/template/assets/plugins/fontawesome/css/all.min.css]
[pathivu.dreamstechnologies.com/html/template/assets/plugins/fontawesome/webfonts/fa-v4compatibility.ttf]
[pathivu.dreamstechnologies.com/html/template/assets/fonts/MaterialIcons-Regular.eot]
[pathivu.dreamstechnologies.com/html/template/assets/fonts/MaterialIcons-Regular.woff2]
[pathivu.dreamstechnologies.com/html/template/assets/fonts/MaterialIcons-Regular.woff]
[pathivu.dreamstechnologies.com/html/template/assets/fonts/MaterialIcons-Regular.ttf]
[pathivu.dreamstechnologies.com/html/template/assets/fonts/PoetsenOne-Regular.ttf]
[pathivu.dreamstechnologies.com/html/template/assets/img/mic.png]
[pathivu.dreamstechnologies.com/html/template/assets/img/home3/active-bg.png]
[pathivu.dreamstechnologies.com/html/template/assets/img/home6/mic.png]
[pathivu.dreamstechnologies.com/html/template/assets/img/home7/active-menu.png]
[pathivu.dreamstechnologies.com/html/template/assets/img/home8/active-menu.png]
[pathivu.dreamstechnologies.com/html/template/assets/img/banner.jpg]
[pathivu.dreamstechnologies.com/html/template/assets/img/bg.png]
[pathivu.dreamstechnologies.com/html/template/assets/img/bg1.png]
[pathivu.dreamstechnologies.com/html/template/assets/img/reg-bg.jpg]
[pathivu.dreamstechnologies.com/html/template/assets/img/student-bg.jpg]
[pathivu.dreamstechnologies.com/html/template/assets/img/bg2.png]
[pathivu.dreamstechnologies.com/html/template/assets/img/search-bg.png]
[pathivu.dreamstechnologies.com/html/template/assets/img/home2/features/beauty-01.jpg]
[pathivu.dreamstechnologies.com/html/template/assets/img/home2/features/beauty-02.jpg]
[pathivu.dreamstechnologies.com/html/template/assets/img/circle-bg.png]
[pathivu.dreamstechnologies.com/html/template/assets/img/home3/banner.png]
[pathivu.dreamstechnologies.com/html/template/assets/img/home3/featured-bg.png]
[pathivu.dreamstechnologies.com/html/template/assets/img/home3/count-banner.png]
[pathivu.dreamstechnologies.com/html/template/assets/img/home3/famous-school-bg.png]
[pathivu.dreamstechnologies.com/html/template/assets/img/home3/testimonial-bg.png]
[pathivu.dreamstechnologies.com/html/template/assets/img/home4/banner.png]
[pathivu.dreamstechnologies.com/html/template/assets/img/home4/banner-bottom-01.png]
[pathivu.dreamstechnologies.com/html/template/assets/img/home4/banner-bottom-02.png]
[pathivu.dreamstechnologies.com/html/template/assets/img/home4/banner-bottom-03.png]
[pathivu.dreamstechnologies.com/html/template/assets/img/home4/we-always.png]
[pathivu.dreamstechnologies.com/html/template/assets/img/home4/call-to-action-bg.png]
[pathivu.dreamstechnologies.com/html/template/assets/img/home5/banner.jpg]
[pathivu.dreamstechnologies.com/html/template/assets/img/home5/bg-right.png]
[pathivu.dreamstechnologies.com/html/template/assets/img/home5/group.png]
[pathivu.dreamstechnologies.com/html/template/assets/img/home5/tmt_bg.jpg]
[pathivu.dreamstechnologies.com/html/template/assets/img/home6/banner.jpg]
[pathivu.dreamstechnologies.com/html/template/assets/img/overview-bg.png]
[pathivu.dreamstechnologies.com/html/template/assets/img/home6/news-bg.png]
[pathivu.dreamstechnologies.com/html/template/assets/img/event-bg.jpg]
[pathivu.dreamstechnologies.com/html/template/assets/img/home7/banner.jpg]
[pathivu.dreamstechnologies.com/html/template/assets/img/bg.jpg]
[pathivu.dreamstechnologies.com/html/template/assets/img/home7/golf-bg.jpg]
[pathivu.dreamstechnologies.com/html/template/assets/img/home8/banner.jpg]
[pathivu.dreamstechnologies.com/html/template/assets/img/home8/books.jpg]
[pathivu.dreamstechnologies.com/html/template/assets/img/counter-bg.jpg]
[pathivu.dreamstechnologies.com/html/template/assets/img/home9/search-bg.png]
[pathivu.dreamstechnologies.com/html/template/assets/img/home9/course-bg.png]
[pathivu.dreamstechnologies.com/html/template/assets/img/home9/stylist-bg.png]
[pathivu.dreamstechnologies.com/html/template/assets/img/home9/event-bg.png]
[pathivu.dreamstechnologies.com/html/template/assets/img/home10/banner-bg.png]
[pathivu.dreamstechnologies.com/html/template/assets/img/home10/common-bg.png]
[pathivu.dreamstechnologies.com/html/template/assets/img/home10/review-bg.png]
[pathivu.dreamstechnologies.com/html/template/assets/img/home10/our-blog-bg.png]
[pathivu.dreamstechnologies.com/html/template/assets/img/home11/banner.jpg]
[pathivu.dreamstechnologies.com/html/template/assets/img/home11/enrolment-bg.jpg]
[pathivu.dreamstechnologies.com/html/template/assets/img/books.jpg]
[pathivu.dreamstechnologies.com/html/template/assets/img/active.png]
[pathivu.dreamstechnologies.com/html/template/assets/img/home11/slider-arrow-right.png]
[pathivu.dreamstechnologies.com/html/template/assets/img/home11/slider-arrow-left.png]
[pathivu.dreamstechnologies.com/html/template/assets/img/home12/banner-wrapper-bg.jpg]
[pathivu.dreamstechnologies.com/html/template/assets/img/location.png]
[pathivu.dreamstechnologies.com/html/template/assets/img/search.png]
[pathivu.dreamstechnologies.com/html/template/assets/img/home12/blog-bg.png]
[pathivu.dreamstechnologies.com/html/template/assets/img/home13/banner.jpg]
[pathivu.dreamstechnologies.com/html/template/assets/img/home13/banner-2.jpg]
[pathivu.dreamstechnologies.com/html/template/assets/img/home13/banner-1.jpg]
[pathivu.dreamstechnologies.com/html/template/assets/img/home13/dots-left-bg.jpg]
[pathivu.dreamstechnologies.com/html/template/assets/img/home13/dots-right-bg.jpg]
[pathivu.dreamstechnologies.com/html/template/assets/img/home13/banner-bg.jpg]
[pathivu.dreamstechnologies.com/html/template/assets/img/home14/banner.jpg]
[pathivu.dreamstechnologies.com/html/template/assets/img/home14/banner-bot.png]
[pathivu.dreamstechnologies.com/html/template/assets/img/footer-bg.jpg]
[pathivu.dreamstechnologies.com/html/template/assets/img/home2/footer-bg.png]
[pathivu.dreamstechnologies.com/html/template/assets/img/home4/footer-bg.png]
[pathivu.dreamstechnologies.com/html/template/assets/img/home6/footer-bg.png]
[pathivu.dreamstechnologies.com/html/template/assets/img/home8/footer.jpg]
[pathivu.dreamstechnologies.com/html/template/assets/img/home10/footer-bg.png]
[pathivu.dreamstechnologies.com/html/template/assets/img/home12/footer-bg.png]
[pathivu.dreamstechnologies.com/html/template/assets/img/home13/footer-bg.jpg]
[pathivu.dreamstechnologies.com/html/template/assets/css/style.css]
[pathivu.dreamstechnologies.com/html/template/assets/img/home2/favicon.png]
[pathivu.dreamstechnologies.com/html/template/assets/css/owl.carousel.min.css]
[pathivu.dreamstechnologies.com/html/template/assets/img/home2logo.png]
[pathivu.dreamstechnologies.com/html/template/assets/img/logo-small.png]
[pathivu.dreamstechnologies.com/html/template/assets/img/be-icon.png]
[pathivu.dreamstechnologies.com/html/template/assets/img/beauty.png]
[pathivu.dreamstechnologies.com/html/template/assets/img/home2/prod-icon.png]
[pathivu.dreamstechnologies.com/html/template/assets/img/home2/features/service-01.jpg]
[pathivu.dreamstechnologies.com/html/template/assets/img/equ-01.png]
[pathivu.dreamstechnologies.com/html/template/assets/img/home2/features/service-02.jpg]
[pathivu.dreamstechnologies.com/html/template/assets/img/equ-02.png]
[pathivu.dreamstechnologies.com/html/template/assets/img/home2/features/service-03.jpg]
[pathivu.dreamstechnologies.com/html/template/assets/img/equ-03.png]
[pathivu.dreamstechnologies.com/html/template/assets/img/home2/features/service-04.jpg]
[pathivu.dreamstechnologies.com/html/template/assets/img/equ-04.png]
[pathivu.dreamstechnologies.com/html/template/assets/img/home2/features/service-05.jpg]
[pathivu.dreamstechnologies.com/html/template/assets/img/home2/features/service-06.jpg]
[pathivu.dreamstechnologies.com/html/template/assets/img/home2/features/course-01.jpg]
[pathivu.dreamstechnologies.com/html/template/assets/img/home2/providers/provider-thumb-01.jpg]
[pathivu.dreamstechnologies.com/html/template/assets/img/home2/features/course-02.jpg]
[pathivu.dreamstechnologies.com/html/template/assets/img/home2/providers/provider-thumb-02.jpg]
[pathivu.dreamstechnologies.com/html/template/assets/img/home2/features/course-03.jpg]
[pathivu.dreamstechnologies.com/html/template/assets/img/home2/providers/provider-thumb-03.jpg]
[pathivu.dreamstechnologies.com/html/template/assets/img/home2/features/course-04.jpg]
[pathivu.dreamstechnologies.com/html/template/assets/img/home2/providers/provider-thumb-04.jpg]
[pathivu.dreamstechnologies.com/html/template/assets/img/home2/features/course-05.jpg]
[pathivu.dreamstechnologies.com/html/template/assets/img/home2/providers/provider-thumb-05.jpg]
[pathivu.dreamstechnologies.com/html/template/assets/img/home2/features/course-06.jpg]
[pathivu.dreamstechnologies.com/html/template/assets/img/home2/providers/provider-thumb-06.jpg]
[pathivu.dreamstechnologies.com/html/template/assets/img/home2/features/team5.jpg]
[pathivu.dreamstechnologies.com/html/template/assets/img/home2/bb.png]
[pathivu.dreamstechnologies.com/html/template/assets/img/home2/bag.png]
[pathivu.dreamstechnologies.com/html/template/assets/img/home2/features/team1.jpg]
[pathivu.dreamstechnologies.com/html/template/assets/img/home2/features/team2.jpg]
[pathivu.dreamstechnologies.com/html/template/assets/img/home2/features/team3.jpg]
[pathivu.dreamstechnologies.com/html/template/assets/img/home2/features/team4.jpg]
[pathivu.dreamstechnologies.com/html/template/assets/img/home2/features/team6.jpg]
[pathivu.dreamstechnologies.com/html/template/assets/img/home2/beauty.png]
[pathivu.dreamstechnologies.com/html/template/assets/img/home2/providers/stylist-01.png]
[pathivu.dreamstechnologies.com/html/template/assets/img/home2/providers/stylist-02.png]
[pathivu.dreamstechnologies.com/html/template/assets/img/home2/providers/stylist-03.png]
[pathivu.dreamstechnologies.com/html/template/assets/img/home2/providers/stylist-04.png]
[pathivu.dreamstechnologies.com/html/template/assets/img/home2/providers/stylist-05.png]
[pathivu.dreamstechnologies.com/html/template/assets/img/home2/providers/stylist-06.png]
[pathivu.dreamstechnologies.com/html/template/assets/img/home2/providers/stylist-07.png]
[pathivu.dreamstechnologies.com/html/template/assets/img/home2/features/news-01.jpg]
[pathivu.dreamstechnologies.com/html/template/assets/img/home2/calender.png]
[pathivu.dreamstechnologies.com/html/template/assets/img/home2/features/news-02.jpg]
[pathivu.dreamstechnologies.com/html/template/assets/img/home2/features/news-03.jpg]
[pathivu.dreamstechnologies.com/html/template/assets/img/home2/features/news-04.jpg]
[pathivu.dreamstechnologies.com/html/template/assets/img/home2/features/news-05.jpg]
[pathivu.dreamstechnologies.com/html/template/assets/img/home2/features/news-06.jpg]
[pathivu.dreamstechnologies.com/html/template/assets/js/owl.carousel.min.js]
[pathivu.dreamstechnologies.com/html/template/assets/js/testimonial.js]
[pathivu.dreamstechnologies.com/html/template/index-two.html]
[pathivu.dreamstechnologies.com/html/template/assets/img/home3/favicon.png]
[pathivu.dreamstechnologies.com/html/template/assets/img/home3/flags/en.png]
[pathivu.dreamstechnologies.com/html/template/assets/img/home3/flags/us.png]
[pathivu.dreamstechnologies.com/html/template/assets/img/home3/flags/fr.png]
[pathivu.dreamstechnologies.com/html/template/assets/img/home3/flags/es.png]
[pathivu.dreamstechnologies.com/html/template/assets/img/home3/flags/de.png]
[pathivu.dreamstechnologies.com/html/template/assets/img/home3/logo.png]
[pathivu.dreamstechnologies.com/html/template/assets/img/home3/featured-school-01.png]
[pathivu.dreamstechnologies.com/html/template/assets/img/home3/featured-school-02.png]
[pathivu.dreamstechnologies.com/html/template/assets/img/home3/featured-school-03.png]
[pathivu.dreamstechnologies.com/html/template/assets/img/home3/featured-school-04.png]
[pathivu.dreamstechnologies.com/html/template/assets/img/home3/featured-school-05.png]
[pathivu.dreamstechnologies.com/html/template/assets/img/home3/our-top-school-01.png]
[pathivu.dreamstechnologies.com/html/template/assets/img/home3/students/student8.jpg]
[pathivu.dreamstechnologies.com/html/template/assets/img/home3/students/student2.jpg]
[pathivu.dreamstechnologies.com/html/template/assets/img/home3/students/student3.jpg]
[pathivu.dreamstechnologies.com/html/template/assets/img/home3/our-top-school-02.png]
[pathivu.dreamstechnologies.com/html/template/assets/img/home3/our-top-school-03.png]
[pathivu.dreamstechnologies.com/html/template/assets/img/home3/top-teacher-01.png]
[pathivu.dreamstechnologies.com/html/template/assets/img/home3/children-icon.png]
[pathivu.dreamstechnologies.com/html/template/assets/img/home3/top-teacher-02.png]
[pathivu.dreamstechnologies.com/html/template/assets/img/home3/top-teacher-03.png]
[pathivu.dreamstechnologies.com/html/template/assets/img/home3/top-teacher-04.png]
[pathivu.dreamstechnologies.com/html/template/assets/img/home3/top-teacher-05.png]
[pathivu.dreamstechnologies.com/html/template/assets/img/home3/students/student.jpg]
[pathivu.dreamstechnologies.com/html/template/assets/img/home3/students/student1.jpg]
[pathivu.dreamstechnologies.com/html/template/assets/img/home3/students/student4.jpg]
[pathivu.dreamstechnologies.com/html/template/assets/img/home3/students/student5.jpg]
[pathivu.dreamstechnologies.com/html/template/assets/img/home3/students/student6.jpg]
[pathivu.dreamstechnologies.com/html/template/assets/img/home3/students/student7.jpg]
[pathivu.dreamstechnologies.com/html/template/assets/img/home3/blog-01.png]
[pathivu.dreamstechnologies.com/html/template/assets/img/home3/blog-02.png]
[pathivu.dreamstechnologies.com/html/template/assets/img/home3/blog-03.png]
[pathivu.dreamstechnologies.com/html/template/index-three.html]
[pathivu.dreamstechnologies.com/html/template/assets/img/home4/favicon.png]
[pathivu.dreamstechnologies.com/html/template/assets/img/home4/logo.png]
[pathivu.dreamstechnologies.com/html/template/assets/img/home4/flags/en.png]
[pathivu.dreamstechnologies.com/html/template/assets/img/home4/flags/us.png]
[pathivu.dreamstechnologies.com/html/template/assets/img/home4/flags/fr.png]
[pathivu.dreamstechnologies.com/html/template/assets/img/home4/flags/es.png]
[pathivu.dreamstechnologies.com/html/template/assets/img/home4/flags/de.png]
[pathivu.dreamstechnologies.com/html/template/assets/img/home4/service-01.png]
[pathivu.dreamstechnologies.com/html/template/assets/img/home4/service-02.png]
[pathivu.dreamstechnologies.com/html/template/assets/img/home4/service-03.png]
[pathivu.dreamstechnologies.com/html/template/assets/img/home4/service-04.png]
[pathivu.dreamstechnologies.com/html/template/assets/img/home4/service-05.png]
[pathivu.dreamstechnologies.com/html/template/assets/img/home4/counsellor-01.png]
[pathivu.dreamstechnologies.com/html/template/assets/img/home4/counsellor-02.png]
[pathivu.dreamstechnologies.com/html/template/assets/img/home4/counsellor-03.png]
[pathivu.dreamstechnologies.com/html/template/assets/img/home4/counsellor-04.png]
[pathivu.dreamstechnologies.com/html/template/assets/img/home4/counsellor-05.png]
[pathivu.dreamstechnologies.com/html/template/assets/img/home4/review-01.png]
[pathivu.dreamstechnologies.com/html/template/assets/img/home4/review-user.png]
[pathivu.dreamstechnologies.com/html/template/assets/img/home4/blog-01.png]
[pathivu.dreamstechnologies.com/html/template/assets/img/home4/blog-02.png]
[pathivu.dreamstechnologies.com/html/template/assets/img/home4/blog-03.png]
[pathivu.dreamstechnologies.com/html/template/index-four.html]
[pathivu.dreamstechnologies.com/html/template/assets/img/home5/favicon.png]
[pathivu.dreamstechnologies.com/html/template/assets/img/home5/en.png]
[pathivu.dreamstechnologies.com/html/template/assets/img/home5/logo.png]
[pathivu.dreamstechnologies.com/html/template/assets/img/home5/logospa.png]
[pathivu.dreamstechnologies.com/html/template/assets/img/home5/icon.png]
[pathivu.dreamstechnologies.com/html/template/assets/img/home5/services/1.png]
[pathivu.dreamstechnologies.com/html/template/assets/img/home5/services/2.png]
[pathivu.dreamstechnologies.com/html/template/assets/img/home5/services/3.png]
[pathivu.dreamstechnologies.com/html/template/assets/img/home5/services/4.png]
[pathivu.dreamstechnologies.com/html/template/assets/img/home5/services/5.png]
[pathivu.dreamstechnologies.com/html/template/assets/img/home5/services/6.png]
[pathivu.dreamstechnologies.com/html/template/assets/img/home5/services/7.png]
[pathivu.dreamstechnologies.com/html/template/assets/img/home5/services/8.png]
[pathivu.dreamstechnologies.com/html/template/assets/img/home5/theraphist/team-1.png]
[pathivu.dreamstechnologies.com/html/template/assets/img/home5/theraphist/team-2.png]
[pathivu.dreamstechnologies.com/html/template/assets/img/home5/theraphist/team-3.png]
[pathivu.dreamstechnologies.com/html/template/assets/img/home5/theraphist/team-4.png]
[pathivu.dreamstechnologies.com/html/template/assets/img/home5/theraphist/team-5.png]
[pathivu.dreamstechnologies.com/html/template/assets/img/home5/team-spa.png]
[pathivu.dreamstechnologies.com/html/template/assets/img/home5/news/news-1.png]
[pathivu.dreamstechnologies.com/html/template/assets/img/home5/news/news-02.png]
[pathivu.dreamstechnologies.com/html/template/assets/img/home5/news/news-03.png]
[pathivu.dreamstechnologies.com/html/template/assets/img/home5/towel-set-bathing-therapy.png]
[pathivu.dreamstechnologies.com/html/template/assets/img/home5/beauty-care-therapy.png]
[pathivu.dreamstechnologies.com/html/template/assets/img/home5/sss1.png]
[pathivu.dreamstechnologies.com/html/template/assets/img/home5/tri-color-leaves.png]
[pathivu.dreamstechnologies.com/html/template/index-five.html]
[pathivu.dreamstechnologies.com/html/template/assets/img/home6/favicon.png]
[pathivu.dreamstechnologies.com/html/template/assets/css/owl.theme.default.min.css]
[pathivu.dreamstechnologies.com/html/template/assets/img/home6/flags/us.png]
[pathivu.dreamstechnologies.com/html/template/assets/img/home6/flags/fr.png]
[pathivu.dreamstechnologies.com/html/template/assets/img/home6/flags/es.png]
[pathivu.dreamstechnologies.com/html/template/assets/img/home6/flags/de.png]
[pathivu.dreamstechnologies.com/html/template/assets/img/home6/logo.png]
[pathivu.dreamstechnologies.com/html/template/assets/img/home6/logo-small.png]
[pathivu.dreamstechnologies.com/html/template/assets/img/home6/mic-icon.png]
[pathivu.dreamstechnologies.com/html/template/assets/img/home6/img-08.jpg]
[pathivu.dreamstechnologies.com/html/template/assets/img/home6/img-05.jpg]
[pathivu.dreamstechnologies.com/html/template/assets/img/home6/img-09.jpg]
[pathivu.dreamstechnologies.com/html/template/assets/img/home6/img-06.jpg]
[pathivu.dreamstechnologies.com/html/template/assets/img/home6/img-07.jpg]
[pathivu.dreamstechnologies.com/html/template/assets/img/home6/events/event-01.jpg]
[pathivu.dreamstechnologies.com/html/template/assets/img/home6/profile/profile-01.jpg]
[pathivu.dreamstechnologies.com/html/template/assets/img/home6/icon-04.png]
[pathivu.dreamstechnologies.com/html/template/assets/img/home6/icon-05.png]
[pathivu.dreamstechnologies.com/html/template/assets/img/home6/events/event-02.jpg]
[pathivu.dreamstechnologies.com/html/template/assets/img/home6/profile/profile-02.jpg]
[pathivu.dreamstechnologies.com/html/template/assets/img/home6/events/event-03.jpg]
[pathivu.dreamstechnologies.com/html/template/assets/img/home6/profile/profile-03.jpg]
[pathivu.dreamstechnologies.com/html/template/assets/img/home6/events/event-04.jpg]
[pathivu.dreamstechnologies.com/html/template/assets/img/home6/profile/profile-04.jpg]
[pathivu.dreamstechnologies.com/html/template/assets/img/home6/events/event-05.jpg]
[pathivu.dreamstechnologies.com/html/template/assets/img/home6/profile/profile-05.jpg]
[pathivu.dreamstechnologies.com/html/template/assets/img/home6/events/event-06.jpg]
[pathivu.dreamstechnologies.com/html/template/assets/img/home6/profile/profile-06.jpg]
[pathivu.dreamstechnologies.com/html/template/assets/img/home6/speakers/speak01.jpg]
[pathivu.dreamstechnologies.com/html/template/assets/img/home6/speakers/speak02.jpg]
[pathivu.dreamstechnologies.com/html/template/assets/img/home6/speakers/speak03.jpg]
[pathivu.dreamstechnologies.com/html/template/assets/img/home6/speakers/speak04.jpg]
[pathivu.dreamstechnologies.com/html/template/assets/img/home6/speakers/speak05.jpg]
[pathivu.dreamstechnologies.com/html/template/assets/img/home6/speakers/speak06.jpg]
[pathivu.dreamstechnologies.com/html/template/assets/img/home6/testimonial/avatar-01.jpg]
[pathivu.dreamstechnologies.com/html/template/assets/img/home6/testimonial/avatar-02.jpg]
[pathivu.dreamstechnologies.com/html/template/assets/img/home6/testimonial/avatar-03.jpg]
[pathivu.dreamstechnologies.com/html/template/assets/img/home6/testimonial/avatar-04.jpg]
[pathivu.dreamstechnologies.com/html/template/assets/img/home6/testimonial/avatar-05.jpg]
[pathivu.dreamstechnologies.com/html/template/assets/img/home6/testimonial/avatar-06.jpg]
[pathivu.dreamstechnologies.com/html/template/assets/img/home6/blog/blog-01.jpg]
[pathivu.dreamstechnologies.com/html/template/assets/img/home6/blog/blog-02.jpg]
[pathivu.dreamstechnologies.com/html/template/assets/img/home6/blog/blog-03.jpg]
[pathivu.dreamstechnologies.com/html/template/index-six.html]
[pathivu.dreamstechnologies.com/cdn-cgi/scripts/5c5dd728/cloudflare-static/email-decode.min.js]
[pathivu.dreamstechnologies.com/html/template/assets/img/home7/favicon.png]
[pathivu.dreamstechnologies.com/html/template/profile.html]
[pathivu.dreamstechnologies.com/html/template/assets/img/home7/logo.png]
[pathivu.dreamstechnologies.com/html/template/assets/img/home7/golf-vector.png]
[pathivu.dreamstechnologies.com/html/template/assets/img/home7/logo-icon.png]
[pathivu.dreamstechnologies.com/html/template/assets/img/home7/img-1.jpg]
[pathivu.dreamstechnologies.com/html/template/assets/img/home7/img-2.jpg]
[pathivu.dreamstechnologies.com/html/template/assets/img/home7/img-3.jpg]
[pathivu.dreamstechnologies.com/html/template/assets/img/home7/img-4.jpg]
[pathivu.dreamstechnologies.com/html/template/assets/img/home7/vectors/vector-1.png]
[pathivu.dreamstechnologies.com/html/template/assets/img/home7/vectors/vector-7.png]
[pathivu.dreamstechnologies.com/html/template/assets/img/home7/icons/heading.png]
[pathivu.dreamstechnologies.com/html/template/assets/img/home7/icons/2.png]
[pathivu.dreamstechnologies.com/html/template/assets/img/home7/golf-1.jpg]
[pathivu.dreamstechnologies.com/html/template/assets/img/home7/golf-2.jpg]
[pathivu.dreamstechnologies.com/html/template/assets/img/home7/icons/f1.png]
[pathivu.dreamstechnologies.com/html/template/assets/img/home7/icons/f2.png]
[pathivu.dreamstechnologies.com/html/template/assets/img/home7/icons/f3.png]
[pathivu.dreamstechnologies.com/html/template/assets/img/home7/icons/f4.png]
[pathivu.dreamstechnologies.com/html/template/assets/img/home7/vectors/vector-2.png]
[pathivu.dreamstechnologies.com/html/template/assets/img/home7/coaches/c1.jpg]
[pathivu.dreamstechnologies.com/html/template/assets/img/home7/coaches/c5.jpg]
[pathivu.dreamstechnologies.com/html/template/assets/img/home7/coaches/c3.jpg]
[pathivu.dreamstechnologies.com/html/template/assets/img/home7/coaches/c4.jpg]
[pathivu.dreamstechnologies.com/html/template/assets/img/home7/coaches/c2.jpg]
[pathivu.dreamstechnologies.com/html/template/assets/img/home7/vectors/vector-5.png]
[pathivu.dreamstechnologies.com/html/template/assets/img/home7/vectors/vector-6.png]
[pathivu.dreamstechnologies.com/html/template/assets/img/home7/clients/client2.jpg]
[pathivu.dreamstechnologies.com/html/template/assets/img/home7/vectors/vector-3.png]
[pathivu.dreamstechnologies.com/html/template/assets/img/home7/vectors/vector-4.png]
[pathivu.dreamstechnologies.com/html/template/assets/img/home7/blog/1.jpg]
[pathivu.dreamstechnologies.com/html/template/assets/img/home7/blog/2.jpg]
[pathivu.dreamstechnologies.com/html/template/assets/img/home7/blog/3.jpg]
[pathivu.dreamstechnologies.com/html/template/index-seven.html]
[pathivu.dreamstechnologies.com/html/template/assets/img/home8/favicon.png]
[pathivu.dreamstechnologies.com/html/template/assets/img/home8/logo.png]
[pathivu.dreamstechnologies.com/html/template/assets/img/home8/flags/us-1.png]
[pathivu.dreamstechnologies.com/html/template/assets/img/home8/flags/us.png]
[pathivu.dreamstechnologies.com/html/template/assets/img/home8/flags/fr.png]
[pathivu.dreamstechnologies.com/html/template/assets/img/home8/flags/es.png]
[pathivu.dreamstechnologies.com/html/template/assets/img/home8/flags/de.png]
[pathivu.dreamstechnologies.com/html/template/assets/img/home8/course.png]
[pathivu.dreamstechnologies.com/html/template/assets/img/home8/vector.png]
[pathivu.dreamstechnologies.com/html/template/assets/img/home8/c1.jpg]
[pathivu.dreamstechnologies.com/html/template/assets/img/home8/c2.jpg]
[pathivu.dreamstechnologies.com/html/template/assets/img/home8/c3.jpg]
[pathivu.dreamstechnologies.com/html/template/assets/img/home8/c4.jpg]
[pathivu.dreamstechnologies.com/html/template/assets/img/home8/c5.jpg]
[pathivu.dreamstechnologies.com/html/template/assets/img/home8/vector-1.png]
[pathivu.dreamstechnologies.com/html/template/assets/img/home8/vector-2.png]
[pathivu.dreamstechnologies.com/html/template/assets/img/home8/library/1.jpg]
[pathivu.dreamstechnologies.com/html/template/assets/img/home8/books/books1.jpg]
[pathivu.dreamstechnologies.com/html/template/assets/img/home8/books/books2.jpg]
[pathivu.dreamstechnologies.com/html/template/assets/img/home8/books/books3.jpg]
[pathivu.dreamstechnologies.com/html/template/assets/img/home8/books/books4.jpg]
[pathivu.dreamstechnologies.com/html/template/assets/img/home8/books/books5.jpg]
[pathivu.dreamstechnologies.com/html/template/assets/img/home8/books/books6.jpg]
[pathivu.dreamstechnologies.com/html/template/assets/img/home8/librarians/team1.jpg]
[pathivu.dreamstechnologies.com/html/template/assets/img/home8/librarians/team2.jpg]
[pathivu.dreamstechnologies.com/html/template/assets/img/home8/librarians/team3.jpg]
[pathivu.dreamstechnologies.com/html/template/assets/img/home8/librarians/team4.jpg]
[pathivu.dreamstechnologies.com/html/template/assets/img/home8/librarians/team5.jpg]
[pathivu.dreamstechnologies.com/html/template/assets/img/home8/course.jpg]
[pathivu.dreamstechnologies.com/html/template/assets/img/home8/clients/client7.jpg]
[pathivu.dreamstechnologies.com/html/template/assets/img/home8/clients/client2.jpg]
[pathivu.dreamstechnologies.com/html/template/assets/img/home8/clients/client3.jpg]
[pathivu.dreamstechnologies.com/html/template/assets/img/home8/user.png]
[pathivu.dreamstechnologies.com/html/template/assets/img/home8/counter.png]
[pathivu.dreamstechnologies.com/html/template/assets/img/home8/blog/1.jpg]
[pathivu.dreamstechnologies.com/html/template/blog-details.html.html]
[pathivu.dreamstechnologies.com/html/template/index-eight.html]
[pathivu.dreamstechnologies.com/html/template/assets/img/home8/blog/2.jpg]
[pathivu.dreamstechnologies.com/html/template/assets/img/home9/favicon.png]
[pathivu.dreamstechnologies.com/html/template/assets/img/home9/logo-white.png]
[pathivu.dreamstechnologies.com/html/template/assets/img/home9/logo.png]
[pathivu.dreamstechnologies.com/html/template/assets/img/home9/banner-2.jpg]
[pathivu.dreamstechnologies.com/html/template/assets/img/home9/banner-1.jpg]
[pathivu.dreamstechnologies.com/html/template/assets/img/home9/service/service-01.jpg]
[pathivu.dreamstechnologies.com/html/template/assets/img/home9/service/service-02.jpg]
[pathivu.dreamstechnologies.com/html/template/assets/img/home9/service/service-03.jpg]
[pathivu.dreamstechnologies.com/html/template/assets/img/home9/service/service-04.jpg]
[pathivu.dreamstechnologies.com/html/template/assets/img/home9/service/service-05.jpg]
[pathivu.dreamstechnologies.com/html/template/assets/img/home9/service/service-06.jpg]
[pathivu.dreamstechnologies.com/html/template/assets/img/home9/service/service-07.jpg]
[pathivu.dreamstechnologies.com/html/template/assets/img/home9/service/service-08.jpg]
[pathivu.dreamstechnologies.com/html/template/assets/img/home9/course/course-01.jpg]
[pathivu.dreamstechnologies.com/html/template/assets/img/home9/course/course-02.jpg]
[pathivu.dreamstechnologies.com/html/template/assets/img/home9/course/course-03.jpg]
[pathivu.dreamstechnologies.com/html/template/assets/img/home9/course/course-04.jpg]
[pathivu.dreamstechnologies.com/html/template/assets/img/home9/course/course-05.jpg]
[pathivu.dreamstechnologies.com/html/template/assets/img/home9/course/course-06.jpg]
[pathivu.dreamstechnologies.com/html/template/assets/img/home9/course/course-07.jpg]
[pathivu.dreamstechnologies.com/html/template/assets/img/home9/course/course-08.jpg]
[pathivu.dreamstechnologies.com/html/template/assets/img/home9/profile/profile-01.jpg]
[pathivu.dreamstechnologies.com/html/template/assets/img/home9/profile/profile-02.jpg]
[pathivu.dreamstechnologies.com/html/template/assets/img/home9/profile/profile-03.jpg]
[pathivu.dreamstechnologies.com/html/template/assets/img/home9/profile/profile-04.jpg]
[pathivu.dreamstechnologies.com/html/template/assets/img/home9/profile/profile-05.jpg]
[pathivu.dreamstechnologies.com/html/template/assets/img/home9/profile/profile-06.jpg]
[pathivu.dreamstechnologies.com/html/template/assets/img/home9/profile/client1.png]
[pathivu.dreamstechnologies.com/html/template/assets/img/home9/profile/blog-01.jpg]
[pathivu.dreamstechnologies.com/html/template/assets/img/home9/profile/blog-02.jpg]
[pathivu.dreamstechnologies.com/html/template/assets/img/home9/profile/blog-03.jpg]
[pathivu.dreamstechnologies.com/html/template/index-nine.html]
[pathivu.dreamstechnologies.com/html/template/assets/img/home10/favicon.png]
[pathivu.dreamstechnologies.com/html/template/assets/img/home10/logo.png]
[pathivu.dreamstechnologies.com/html/template/assets/img/flags/en.png]
[pathivu.dreamstechnologies.com/html/template/assets/img/home10/flags/us.png]
[pathivu.dreamstechnologies.com/html/template/assets/img/home10/flags/fr.png]
[pathivu.dreamstechnologies.com/html/template/assets/img/home10/flags/es.png]
[pathivu.dreamstechnologies.com/html/template/assets/img/home10/flags/de.png]
[pathivu.dreamstechnologies.com/html/template/assets/img/home10/cart.png]
[pathivu.dreamstechnologies.com/html/template/assets/img/home10/banner-img.png]
[pathivu.dreamstechnologies.com/html/template/assets/img/home10/top-restaurant-01.png]
[pathivu.dreamstechnologies.com/html/template/assets/img/home10/top-restaurant-02.png]
[pathivu.dreamstechnologies.com/html/template/assets/img/home10/top-restaurant-03.png]
[pathivu.dreamstechnologies.com/html/template/assets/img/home10/top-restaurant-04.png]
[pathivu.dreamstechnologies.com/html/template/assets/img/home10/top-restaurant-05.png]
[pathivu.dreamstechnologies.com/html/template/assets/img/home10/top-restaurant-06.png]
[pathivu.dreamstechnologies.com/html/template/assets/img/home10/top-restaurant-07.png]
[pathivu.dreamstechnologies.com/html/template/assets/img/home10/top-foods-01.png]
[pathivu.dreamstechnologies.com/html/template/assets/img/home10/restaurant-logo-01.png]
[pathivu.dreamstechnologies.com/html/template/assets/img/home10/top-foods-02.png]
[pathivu.dreamstechnologies.com/html/template/assets/img/home10/top-foods-03.png]
[pathivu.dreamstechnologies.com/html/template/assets/img/home10/top-foods-04.png]
[pathivu.dreamstechnologies.com/html/template/assets/img/home10/top-foods-05.png]
[pathivu.dreamstechnologies.com/html/template/assets/img/home10/top-chefs-01.png]
[pathivu.dreamstechnologies.com/html/template/assets/img/home10/top-chefs-02.png]
[pathivu.dreamstechnologies.com/html/template/assets/img/home10/top-chefs-03.png]
[pathivu.dreamstechnologies.com/html/template/assets/img/home10/top-chefs-04.png]
[pathivu.dreamstechnologies.com/html/template/assets/img/home10/top-chefs-05.png]
[pathivu.dreamstechnologies.com/html/template/assets/img/home10/review-img-01.png]
[pathivu.dreamstechnologies.com/html/template/assets/img/home10/blog-01.png]
[pathivu.dreamstechnologies.com/html/template/index-ten.html]
[pathivu.dreamstechnologies.com/html/template/assets/img/home10/blog-02.png]
[pathivu.dreamstechnologies.com/html/template/assets/img/home11/favicon.png]
[pathivu.dreamstechnologies.com/html/template/assets/img/home11/logo.png]
[pathivu.dreamstechnologies.com/html/template/assets/img/home11/flags/us-1.png]
[pathivu.dreamstechnologies.com/html/template/assets/img/home11/flags/us.png]
[pathivu.dreamstechnologies.com/html/template/assets/img/home11/flags/fr.png]
[pathivu.dreamstechnologies.com/html/template/assets/img/home11/flags/es.png]
[pathivu.dreamstechnologies.com/html/template/assets/img/home11/flags/de.png]
[pathivu.dreamstechnologies.com/html/template/assets/img/home11/course.png]
[pathivu.dreamstechnologies.com/html/template/assets/img/home11/schools/school-1.jpg]
[pathivu.dreamstechnologies.com/html/template/assets/img/home11/schools/school-2.jpg]
[pathivu.dreamstechnologies.com/html/template/assets/img/home11/schools/school-3.jpg]
[pathivu.dreamstechnologies.com/html/template/assets/img/home11/schools/school-4.jpg]
[pathivu.dreamstechnologies.com/html/template/assets/img/home11/courses/course-1.jpg]
[pathivu.dreamstechnologies.com/html/template/assets/img/home11/user.png]
[pathivu.dreamstechnologies.com/html/template/assets/img/home11/student-icon.png]
[pathivu.dreamstechnologies.com/html/template/assets/img/home11/clock-icon.png]
[pathivu.dreamstechnologies.com/html/template/assets/img/home11/hours-icon.png]
[pathivu.dreamstechnologies.com/html/template/assets/img/home11/courses/course-2.jpg]
[pathivu.dreamstechnologies.com/html/template/assets/img/home11/courses/course-3.jpg]
[pathivu.dreamstechnologies.com/html/template/assets/img/home11/courses/course-4.jpg]
[pathivu.dreamstechnologies.com/html/template/assets/img/home11/instructors/team1.jpg]
[pathivu.dreamstechnologies.com/html/template/assets/img/home11/clock-icon-white.png]
[pathivu.dreamstechnologies.com/html/template/assets/img/home11/instructors/team2.jpg]
[pathivu.dreamstechnologies.com/html/template/assets/img/home11/instructors/team3.jpg]
[pathivu.dreamstechnologies.com/html/template/assets/img/home11/instructors/team4.jpg]
[pathivu.dreamstechnologies.com/html/template/assets/img/home11/schools/school-5.jpg]
[pathivu.dreamstechnologies.com/html/template/assets/img/home11/schools/school-6.jpg]
[pathivu.dreamstechnologies.com/html/template/assets/img/home11/schools/school-7.jpg]
[pathivu.dreamstechnologies.com/html/template/assets/img/home11/blog/blog-01.jpg]
[pathivu.dreamstechnologies.com/html/template/assets/img/home11/blog/blog-02.jpg]
[pathivu.dreamstechnologies.com/html/template/assets/img/home11/blog/blog-03.jpg]
[pathivu.dreamstechnologies.com/html/template/assets/img/home11/enroll-01.jpg]
[pathivu.dreamstechnologies.com/html/template/Booking-2.html]
[pathivu.dreamstechnologies.com/html/template/assets/img/home11/instagram/insta-01.jpg]
[pathivu.dreamstechnologies.com/html/template/assets/img/home11/instagram/insta-02.jpg]
[pathivu.dreamstechnologies.com/html/template/assets/img/home11/instagram/insta-03.jpg]
[pathivu.dreamstechnologies.com/html/template/index-eleven.html]
[pathivu.dreamstechnologies.com/html/template/assets/img/home12/favicon.png]
[pathivu.dreamstechnologies.com/html/template/assets/img/home12/logo.png]
[pathivu.dreamstechnologies.com/html/template/assets/img/home12/flags/us-1.png]
[pathivu.dreamstechnologies.com/html/template/assets/img/home12/flags/us.png]
[pathivu.dreamstechnologies.com/html/template/assets/img/home12/flags/fr.png]
[pathivu.dreamstechnologies.com/html/template/assets/img/home12/flags/es.png]
[pathivu.dreamstechnologies.com/html/template/assets/img/home12/flags/de.png]
[pathivu.dreamstechnologies.com/html/template/assets/img/home12/logo2.png]
[pathivu.dreamstechnologies.com/html/template/assets/img/home12/Ellipse1.png]
[pathivu.dreamstechnologies.com/html/template/assets/img/home12/Ellipse2.png]
[pathivu.dreamstechnologies.com/html/template/assets/img/home12/Ellipse3.png]
[pathivu.dreamstechnologies.com/html/template/assets/img/home12/balloon.png]
[pathivu.dreamstechnologies.com/html/template/assets/img/home12/vector1.png]
[pathivu.dreamstechnologies.com/html/template/assets/img/home12/sermons1.jpg]
[pathivu.dreamstechnologies.com/html/template/assets/img/home12/location1.png]
[pathivu.dreamstechnologies.com/html/template/assets/img/home12/timer.png]
[pathivu.dreamstechnologies.com/html/template/assets/img/home12/organizer.png]
[pathivu.dreamstechnologies.com/html/template/assets/img/home12/seats.png]
[pathivu.dreamstechnologies.com/html/template/assets/img/home12/sermons2.jpg]
[pathivu.dreamstechnologies.com/html/template/assets/img/home12/sermons3.jpg]
[pathivu.dreamstechnologies.com/html/template/assets/img/home12/sermons4.jpg]
[pathivu.dreamstechnologies.com/html/template/assets/img/home12/sermons5.jpg]
[pathivu.dreamstechnologies.com/html/template/assets/img/home12/hrt-logo.png]
[pathivu.dreamstechnologies.com/html/template/assets/img/home12/speakers/speaker1.png]
[pathivu.dreamstechnologies.com/html/template/assets/img/home12/speakers/speaker2.png]
[pathivu.dreamstechnologies.com/html/template/assets/img/home12/speakers/speaker3.png]
[pathivu.dreamstechnologies.com/html/template/assets/img/home12/speakers/speaker4.png]
[pathivu.dreamstechnologies.com/html/template/assets/img/home12/speakers/speaker5.png]
[pathivu.dreamstechnologies.com/html/template/assets/img/home12/speakers/speaker6.jpg]
[pathivu.dreamstechnologies.com/html/template/assets/img/home12/review-img1.jpg]
[pathivu.dreamstechnologies.com/html/template/assets/img/home12/review-img2.jpg]
[pathivu.dreamstechnologies.com/html/template/assets/img/home12/blog2.png]
[pathivu.dreamstechnologies.com/html/template/assets/img/home12/blog1.png]
[pathivu.dreamstechnologies.com/html/template/assets/img/home12/blog3.png]
[pathivu.dreamstechnologies.com/html/template/index-twelve.html]
[pathivu.dreamstechnologies.com/html/template/assets/img/home13/favicon.png]
[pathivu.dreamstechnologies.com/html/template/assets/img/home13/logo.png]
[pathivu.dreamstechnologies.com/html/template/assets/img/home13/sports/cricket.jpg]
[pathivu.dreamstechnologies.com/html/template/assets/img/home13/sports/football.jpg]
[pathivu.dreamstechnologies.com/html/template/assets/img/home13/sports/volleyball.jpg]
[pathivu.dreamstechnologies.com/html/template/assets/img/home13/sports/swimming.jpg]
[pathivu.dreamstechnologies.com/html/template/assets/img/home13/sports/handball.jpg]
[pathivu.dreamstechnologies.com/html/template/assets/img/home13/sports/basketball.jpg]
[pathivu.dreamstechnologies.com/html/template/assets/img/home13/sports/tennis.jpg]
[pathivu.dreamstechnologies.com/html/template/assets/img/home13/sports/skerting.jpg]
[pathivu.dreamstechnologies.com/html/template/assets/img/home13/sports/golf.jpg]
[pathivu.dreamstechnologies.com/html/template/assets/img/home13/sports/archery.jpg]
[pathivu.dreamstechnologies.com/html/template/assets/img/home13/coaches/1.jpg]
[pathivu.dreamstechnologies.com/html/template/assets/img/home13/coaches/5.jpg]
[pathivu.dreamstechnologies.com/html/template/assets/img/home13/coaches/3.jpg]
[pathivu.dreamstechnologies.com/html/template/assets/img/home13/coaches/4.jpg]
[pathivu.dreamstechnologies.com/html/template/assets/img/home13/coaches/2.jpg]
[pathivu.dreamstechnologies.com/html/template/assets/home13/img/coaches/4.jpg]
[pathivu.dreamstechnologies.com/html/template/assets/img/home13/clients/client8.jpg]
[pathivu.dreamstechnologies.com/html/template/assets/img/home13/review.png]
[pathivu.dreamstechnologies.com/html/template/assets/img/home13/clients/client2.jpg]
[pathivu.dreamstechnologies.com/html/template/assets/img/home13/clients/client14.jpg]
[pathivu.dreamstechnologies.com/html/template/assets/img/home13/sports.png]
[pathivu.dreamstechnologies.com/html/template/assets/img/home13/blog/2.jpg]
[pathivu.dreamstechnologies.com/html/template/assets/img/home13/blog/1.jpg]
[pathivu.dreamstechnologies.com/html/template/assets/img/home13/blog/3.jpg]
[pathivu.dreamstechnologies.com/html/template/index-thirteen.html]
[pathivu.dreamstechnologies.com/html/template/assets/img/home14/favicon.png]
[pathivu.dreamstechnologies.com/html/template/assets/img/home14/logo.png]
[pathivu.dreamstechnologies.com/html/template/assets/img/home14/flags/us-1.png]
[pathivu.dreamstechnologies.com/html/template/assets/img/home14/flags/us.png]
[pathivu.dreamstechnologies.com/html/template/assets/img/home14/flags/fr.png]
[pathivu.dreamstechnologies.com/html/template/assets/img/home14/flags/es.png]
[pathivu.dreamstechnologies.com/html/template/assets/img/home14/flags/de.png]
[pathivu.dreamstechnologies.com/html/template/assets/img/home14/course.png]
[pathivu.dreamstechnologies.com/html/template/assets/img/home14/universities/c1.jpg]
[pathivu.dreamstechnologies.com/html/template/assets/img/home14/universities/c5.jpg]
[pathivu.dreamstechnologies.com/html/template/assets/img/home14/universities/c2.jpg]
[pathivu.dreamstechnologies.com/html/template/assets/img/home14/universities/c6.jpg]
[pathivu.dreamstechnologies.com/html/template/assets/img/home14/universities/c3.jpg]
[pathivu.dreamstechnologies.com/html/template/assets/img/home14/universities/c7.jpg]
[pathivu.dreamstechnologies.com/html/template/assets/img/home14/universities/c4.jpg]
[pathivu.dreamstechnologies.com/html/template/assets/img/home14/universities/c8.jpg]
[pathivu.dreamstechnologies.com/html/template/assets/img/home14/courses.png]
[pathivu.dreamstechnologies.com/html/template/assets/img/home14/blog/blog-01.jpg]
[pathivu.dreamstechnologies.com/html/template/assets/img/home14/blog/blog-02.jpg]
[pathivu.dreamstechnologies.com/html/template/assets/img/home14/blog/blog-03.jpg]
[pathivu.dreamstechnologies.com/html/template/assets/img/home14/blog/blog-04.jpg]
[pathivu.dreamstechnologies.com/html/template/assets/img/home14/blog/blog-05.jpg]
[pathivu.dreamstechnologies.com/html/template/assets/img/home14/admins/admin-02.jpg]
[pathivu.dreamstechnologies.com/html/template/assets/img/home14/admins/admin-11.jpg]
[pathivu.dreamstechnologies.com/html/template/assets/img/home14/admins/admin-04.jpg]
[pathivu.dreamstechnologies.com/html/template/assets/img/home14/admins/admin-07.jpg]
[pathivu.dreamstechnologies.com/html/template/assets/img/home14/clients/client1.jpg]
[pathivu.dreamstechnologies.com/html/template/assets/img/home14/clients/client2.jpg]
[pathivu.dreamstechnologies.com/html/template/assets/img/home14/clients/client3.jpg]
[pathivu.dreamstechnologies.com/html/template/assets/img/home14/clients/client4.jpg]
[pathivu.dreamstechnologies.com/html/template/assets/img/home14/clients/client5.jpg]
[pathivu.dreamstechnologies.com/html/template/assets/img/home14/clients/client6.jpg]
[pathivu.dreamstechnologies.com/html/template/assets/img/home14/clients/client7.jpg]
[pathivu.dreamstechnologies.com/html/template/index-fourteen.html]
[pathivu.dreamstechnologies.com/html/template/social-media.html]
[pathivu.dreamstechnologies.com/html/template/instructor-change-password.html]
[pathivu.dreamstechnologies.com/html/template/assets/img/icon-01.png]
[pathivu.dreamstechnologies.com/html/template/assets/img/icon-02.png]
[pathivu.dreamstechnologies.com/html/template/assets/img/icon-03.png]
[pathivu.dreamstechnologies.com/html/template/assets/img/student/student-01.jpg]
[pathivu.dreamstechnologies.com/html/template/assets/img/student/student-02.jpg]
[pathivu.dreamstechnologies.com/html/template/assets/img/student/student-03.jpg]
[pathivu.dreamstechnologies.com/html/template/assets/img/student/student-04.jpg]
[pathivu.dreamstechnologies.com/html/template/assets/img/student/student-05.jpg]
[pathivu.dreamstechnologies.com/html/template/assets/img/student/student-06.jpg]
[pathivu.dreamstechnologies.com/html/template/assets/img/student/student-07.jpg]
[pathivu.dreamstechnologies.com/html/template/assets/img/student/student-08.jpg]
[pathivu.dreamstechnologies.com/html/template/assets/img/student/student-09.jpg]
[pathivu.dreamstechnologies.com/html/template/assets/img/student/student-11.jpg]
[pathivu.dreamstechnologies.com/html/template/assets/plugins/theia-sticky-sidebar/ResizeSensor.js]
[pathivu.dreamstechnologies.com/html/template/assets/plugins/theia-sticky-sidebar/theia-sticky-sidebar.js]
[pathivu.dreamstechnologies.com/html/template/assets/plugins/select2/js/select2.min.js]
[pathivu.dreamstechnologies.com/html/template/assets/js/moment.min.js]
[pathivu.dreamstechnologies.com/html/template/assets/js/bootstrap-datetimepicker.min.js]
[pathivu.dreamstechnologies.com/html/template/assets/plugins/fancybox/jquery.fancybox.min.js]
[pathivu.dreamstechnologies.com/html/template/assets/js/circle-progress.min.js]
[pathivu.dreamstechnologies.com/html/template/instructor-dashboard.html]
[pathivu.dreamstechnologies.com/html/template/assets/css/bootstrap-datetimepicker.min.css]
[pathivu.dreamstechnologies.com/html/template/assets/plugins/select2/css/select2.min.css]
[pathivu.dreamstechnologies.com/html/template/assets/plugins/fancybox/jquery.fancybox.min.css]
[pathivu.dreamstechnologies.com/html/template/courses.html]
[pathivu.dreamstechnologies.com/html/template/assets/img/student/student.jpg]
[pathivu.dreamstechnologies.com/html/template/assets/img/student/student-10.jpg]
[pathivu.dreamstechnologies.com/html/template/appointments.html]
[pathivu.dreamstechnologies.com/html/template/schedule-timings.html]
[pathivu.dreamstechnologies.com/html/template/my-student.html]
[pathivu.dreamstechnologies.com/html/template/add-billing.html]
[pathivu.dreamstechnologies.com/html/template/edit-billing.html]
[pathivu.dreamstechnologies.com/html/template/student-profile.html]
[pathivu.dreamstechnologies.com/html/template/assets/img/img-02.jpg]
[pathivu.dreamstechnologies.com/html/template/assets/img/img-03.jpg]
[pathivu.dreamstechnologies.com/html/template/chat-instructor.html]
[pathivu.dreamstechnologies.com/html/template/assets/img/img-04.jpg]
[pathivu.dreamstechnologies.com/html/template/invoices.html]
[pathivu.dreamstechnologies.com/html/template/assets/plugins/bootstrap-tagsinput/css/bootstrap-tagsinput.css]
[pathivu.dreamstechnologies.com/html/template/assets/plugins/dropzone/dropzone.min.css]
[pathivu.dreamstechnologies.com/html/template/assets/img/features/feature-01.jpg]
[pathivu.dreamstechnologies.com/html/template/assets/img/features/feature-02.jpg]
[pathivu.dreamstechnologies.com/html/template/assets/plugins/dropzone/dropzone.min.js]
[pathivu.dreamstechnologies.com/html/template/assets/plugins/bootstrap-tagsinput/js/bootstrap-tagsinput.js]
[pathivu.dreamstechnologies.com/html/template/assets/js/profile-settings.js]
[pathivu.dreamstechnologies.com/html/template/instructor-profile-settings.html]
[pathivu.dreamstechnologies.com/html/template/reviews.html]
[pathivu.dreamstechnologies.com/html/template/assets/css/animate.css]
[pathivu.dreamstechnologies.com/html/template/instructor-register.html]
[pathivu.dreamstechnologies.com/html/template/assets/img/login-banner.jpg]
[pathivu.dreamstechnologies.com/html/template/assets/img/instructors/instructor-01.jpg]
[pathivu.dreamstechnologies.com/html/template/assets/img/instructors/instructor-02.jpg]
[pathivu.dreamstechnologies.com/html/template/assets/img/instructors/instructor-03.jpg]
[pathivu.dreamstechnologies.com/html/template/assets/img/instructors/instructor-04.jpg]
[pathivu.dreamstechnologies.com/html/template/assets/img/instructors/instructor-05.jpg]
[pathivu.dreamstechnologies.com/html/template/assets/img/instructors/instructor-06.jpg]
[pathivu.dreamstechnologies.com/html/template/assets/img/instructors/instructor-07.jpg]
[pathivu.dreamstechnologies.com/html/template/assets/img/instructors/instructor-08.jpg]
[pathivu.dreamstechnologies.com/html/template/assets/img/instructors/instructor-09.jpg]
[pathivu.dreamstechnologies.com/html/template/assets/img/instructors/instructor-10.jpg]
[pathivu.dreamstechnologies.com/html/template/assets/js/map.js]
[pathivu.dreamstechnologies.com/html/template/map-grid.html]
[pathivu.dreamstechnologies.com/html/template/assets/img/icon.png]
[pathivu.dreamstechnologies.com/html/template/assets/img/features/feature-03.jpg]
[pathivu.dreamstechnologies.com/html/template/assets/img/features/feature-04.jpg]
[pathivu.dreamstechnologies.com/html/template/assets/img/instructors/instructor-thumb-05.jpg]
[pathivu.dreamstechnologies.com/html/template/map-list.html]
[pathivu.dreamstechnologies.com/html/template/search.html]
[pathivu.dreamstechnologies.com/html/template/instructor-profile.html]
[pathivu.dreamstechnologies.com/html/template/assets/plugins/daterangepicker/daterangepicker.css]
[pathivu.dreamstechnologies.com/html/template/booking.html]
[pathivu.dreamstechnologies.com/html/template/assets/plugins/daterangepicker/daterangepicker.js]
[pathivu.dreamstechnologies.com/html/template/checkout.html]
[pathivu.dreamstechnologies.com/html/template/booking-success.html]
[pathivu.dreamstechnologies.com/html/template/dependent.html]
[pathivu.dreamstechnologies.com/html/template/student-dashboard.html]
[pathivu.dreamstechnologies.com/html/template/customer-dashboard.html]
[pathivu.dreamstechnologies.com/html/template/favourites.html]
[pathivu.dreamstechnologies.com/html/template/chat.html]
[pathivu.dreamstechnologies.com/html/template/profile-settings.html]
[pathivu.dreamstechnologies.com/html/template/change-password.html]
[pathivu.dreamstechnologies.com/html/template/voice-call.html]
[pathivu.dreamstechnologies.com/html/template/assets/img/video-call.jpg]
[pathivu.dreamstechnologies.com/html/template/video-call.html]
[pathivu.dreamstechnologies.com/html/template/assets/plugins/fullcalendar/index.global.min.js]
[pathivu.dreamstechnologies.com/html/template/assets/plugins/fullcalendar/calendar-data.js]
[pathivu.dreamstechnologies.com/html/template/calendar.html]
[pathivu.dreamstechnologies.com/html/template/components.html]
[pathivu.dreamstechnologies.com/html/template/assets/img/logo-dark.png]
[pathivu.dreamstechnologies.com/html/template/invoice-view.html]
[pathivu.dreamstechnologies.com/html/template/blank-page.html]
[pathivu.dreamstechnologies.com/html/template/login.html]
[pathivu.dreamstechnologies.com/html/template/register.html]
[pathivu.dreamstechnologies.com/html/template/forgot-password.html]
[pathivu.dreamstechnologies.com/html/template/assets/img/blog/blog-01.jpg]
[pathivu.dreamstechnologies.com/html/template/assets/img/blog/blog-02.jpg]
[pathivu.dreamstechnologies.com/html/template/assets/img/blog/blog-thumb-01.jpg]
[pathivu.dreamstechnologies.com/html/template/assets/img/blog/blog-thumb-02.jpg]
[pathivu.dreamstechnologies.com/html/template/assets/img/blog/blog-thumb-03.jpg]
[pathivu.dreamstechnologies.com/html/template/assets/img/blog/blog-thumb-04.jpg]
[pathivu.dreamstechnologies.com/html/template/assets/img/blog/blog-thumb-05.jpg]
[pathivu.dreamstechnologies.com/html/template/blog-list.html]
[pathivu.dreamstechnologies.com/html/template/assets/img/blog/blog-03.jpg]
[pathivu.dreamstechnologies.com/html/template/assets/img/blog/blog-04.jpg]
[pathivu.dreamstechnologies.com/html/template/assets/img/blog/blog-05.jpg]
[pathivu.dreamstechnologies.com/html/template/assets/img/blog/blog-06.jpg]
[pathivu.dreamstechnologies.com/html/template/assets/img/instructors/instructor-thumb-06.jpg]
[pathivu.dreamstechnologies.com/html/template/assets/img/blog/blog-07.jpg]
[pathivu.dreamstechnologies.com/html/template/assets/img/instructors/instructor-thumb-07.jpg]
[pathivu.dreamstechnologies.com/html/template/assets/img/blog/blog-08.jpg]
[pathivu.dreamstechnologies.com/html/template/assets/img/instructors/instructor-thumb-08.jpg]
[pathivu.dreamstechnologies.com/html/template/assets/img/blog/blog-09.jpg]
[pathivu.dreamstechnologies.com/html/template/assets/img/instructors/instructor-thumb-09.jpg]
[pathivu.dreamstechnologies.com/html/template/assets/img/blog/blog-10.jpg]
[pathivu.dreamstechnologies.com/html/template/assets/img/instructors/instructor-thumb-10.jpg]
[pathivu.dreamstechnologies.com/html/template/blog-grid.html]
[pathivu.dreamstechnologies.com/html/template/blog-details.html]
[pathivu.dreamstechnologies.com/html/template/college.html]
[pathivu.dreamstechnologies.com/html/template/course-details.html]
[pathivu.dreamstechnologies.com/html/template/term-condition.html]
[pathivu.dreamstechnologies.com/html/template/privacy-policy.html]
[pathivu.dreamstechnologies.com/html/template/assets/img/circle-bg.html]
[pathivu.dreamstechnologies.com/html/template/assets/img/home5/group.html]
[pathivu.dreamstechnologies.com/html/template/assets/img/overview-bg.html]
[pathivu.dreamstechnologies.com/html/template/assets/img/event-bg.html]
[pathivu.dreamstechnologies.com/html/template/assets/img/bg.html]
[pathivu.dreamstechnologies.com/html/template/assets/img/counter-bg.html]
[pathivu.dreamstechnologies.com/html/template/assets/img/books.html]
[pathivu.dreamstechnologies.com/html/template/assets/img/active.html]
[pathivu.dreamstechnologies.com/html/template/assets/img/location.html]
[pathivu.dreamstechnologies.com/html/template/assets/img/search.html]
[pathivu.dreamstechnologies.com/html/template/assets/css/owl.video.play.png]
[pathivu.dreamstechnologies.com/html/template/assets/css/owl.carousel.min.css]
[pathivu.dreamstechnologies.com/html/template/assets/img/equ-01.html]
[pathivu.dreamstechnologies.com/html/template/assets/img/equ-02.html]
[pathivu.dreamstechnologies.com/html/template/assets/img/equ-03.html]
[pathivu.dreamstechnologies.com/html/template/assets/img/equ-04.html]
[pathivu.dreamstechnologies.com/html/template/assets/css/owl.theme.default.min.css]
[pathivu.dreamstechnologies.com/html/template/profile.html]
[pathivu.dreamstechnologies.com/html/template/blog-details.html.html]
[pathivu.dreamstechnologies.com/html/template/Booking-2.html]
[pathivu.dreamstechnologies.com/html/template/assets/home13/img/coaches/4.html]
[pathivu.dreamstechnologies.com/html/template/social-media.html]
[pathivu.dreamstechnologies.com/html/template/instructor-change-password.html]
[pathivu.dreamstechnologies.com/html/template/assets/css/bootstrap-datetimepicker.min.css]
[pathivu.dreamstechnologies.com/html/template/assets/plugins/select2/css/select2.min.css]
[pathivu.dreamstechnologies.com/html/template/assets/plugins/fancybox/jquery.fancybox.min.css]
[pathivu.dreamstechnologies.com/html/template/add-billing.html]
[pathivu.dreamstechnologies.com/html/template/edit-billing.html]
[pathivu.dreamstechnologies.com/html/template/assets/plugins/bootstrap-tagsinput/css/bootstrap-tagsinput.css]
[pathivu.dreamstechnologies.com/html/template/assets/plugins/dropzone/dropzone.min.css]
[pathivu.dreamstechnologies.com/html/template/assets/css/animate.css]
[pathivu.dreamstechnologies.com/html/template/assets/plugins/daterangepicker/daterangepicker.css]
[pathivu.dreamstechnologies.com/html/template/dependent.html]
[pathivu.dreamstechnologies.com/html/template/customer-dashboard.html]
[pathivu.dreamstechnologies.com/html/template/assets/css/owl.video.play.html]
